#-----------------------------------------------------------
# Vivado v2018.3 (64-bit)
# SW Build 2405991 on Thu Dec  6 23:38:27 MST 2018
# IP Build 2404404 on Fri Dec  7 01:43:56 MST 2018
# Start of session at: Sat May  3 17:53:50 2025
# Process ID: 14960
# Current directory: D:/FPGA/xuehao2
# Command line: vivado.exe -gui_launcher_event rodinguilauncherevent9268 D:\FPGA\xuehao2\xuehao2.xpr
# Log file: D:/FPGA/xuehao2/vivado.log
# Journal file: D:/FPGA/xuehao2\vivado.jou
#-----------------------------------------------------------
start_gui
open_project D:/FPGA/xuehao2/xuehao2.xpr
update_compile_order -fileset sources_1
open_hw
connect_hw_server
disconnect_hw_server localhost:3121
connect_hw_server
disconnect_hw_server localhost:3121
connect_hw_server
open_hw_target
set_property PROGRAM.FILE {D:/FPGA/xuehao2/xuehao2.runs/impl_1/xuehao.bit} [get_hw_devices xc7a35t_0]
current_hw_device [get_hw_devices xc7a35t_0]
refresh_hw_device -update_hw_probes false [lindex [get_hw_devices xc7a35t_0] 0]
set_property PROBES.FILE {} [get_hw_devices xc7a35t_0]
set_property FULL_PROBES.FILE {} [get_hw_devices xc7a35t_0]
set_property PROGRAM.FILE {D:/FPGA/xuehao2/xuehao2.runs/impl_1/xuehao.bit} [get_hw_devices xc7a35t_0]
program_hw_devices [get_hw_devices xc7a35t_0]
refresh_hw_device [lindex [get_hw_devices xc7a35t_0] 0]
set_property PROBES.FILE {} [get_hw_devices xc7a35t_0]
set_property FULL_PROBES.FILE {} [get_hw_devices xc7a35t_0]
set_property PROGRAM.FILE {D:/FPGA/xuehao2/xuehao2.runs/impl_1/xuehao.bit} [get_hw_devices xc7a35t_0]
program_hw_devices [get_hw_devices xc7a35t_0]
refresh_hw_device [lindex [get_hw_devices xc7a35t_0] 0]
