#-----------------------------------------------------------
# Vivado v2018.3 (64-bit)
# SW Build 2405991 on Thu Dec  6 23:38:27 MST 2018
# IP Build 2404404 on Fri Dec  7 01:43:56 MST 2018
# Start of session at: Sat May  3 12:05:18 2025
# Process ID: 1000
# Current directory: D:/FPGA/xuehao2
# Command line: vivado.exe -gui_launcher_event rodinguilauncherevent14196 D:\FPGA\xuehao2\xuehao2.xpr
# Log file: D:/FPGA/xuehao2/vivado.log
# Journal file: D:/FPGA/xuehao2\vivado.jou
#-----------------------------------------------------------
start_gui
open_project D:/FPGA/xuehao2/xuehao2.xpr
update_compile_order -fileset sources_1
reset_run synth_1
launch_runs synth_1 -jobs 10
wait_on_run synth_1
reset_run synth_1
launch_runs synth_1 -jobs 10
wait_on_run synth_1
open_run synth_1 -name synth_1
launch_runs impl_1 -jobs 10
wait_on_run impl_1
launch_runs impl_1 -to_step write_bitstream -jobs 10
wait_on_run impl_1
open_hw
connect_hw_server
open_hw_target
set_property PROGRAM.FILE {D:/FPGA/xuehao2/xuehao2.runs/impl_1/xuehao.bit} [get_hw_devices xc7a35t_0]
current_hw_device [get_hw_devices xc7a35t_0]
refresh_hw_device -update_hw_probes false [lindex [get_hw_devices xc7a35t_0] 0]
set_property PROBES.FILE {} [get_hw_devices xc7a35t_0]
set_property FULL_PROBES.FILE {} [get_hw_devices xc7a35t_0]
set_property PROGRAM.FILE {D:/FPGA/xuehao2/xuehao2.runs/impl_1/xuehao.bit} [get_hw_devices xc7a35t_0]
program_hw_devices [get_hw_devices xc7a35t_0]
refresh_hw_device [lindex [get_hw_devices xc7a35t_0] 0]
close_hw
reset_run synth_1
launch_runs synth_1 -jobs 10
wait_on_run synth_1
launch_runs impl_1 -jobs 10
wait_on_run impl_1
launch_runs impl_1 -to_step write_bitstream -jobs 10
wait_on_run impl_1
open_hw
connect_hw_server
open_hw_target
set_property PROGRAM.FILE {D:/FPGA/xuehao2/xuehao2.runs/impl_1/xuehao.bit} [get_hw_devices xc7a35t_0]
current_hw_device [get_hw_devices xc7a35t_0]
refresh_hw_device -update_hw_probes false [lindex [get_hw_devices xc7a35t_0] 0]
set_property PROBES.FILE {} [get_hw_devices xc7a35t_0]
set_property FULL_PROBES.FILE {} [get_hw_devices xc7a35t_0]
set_property PROGRAM.FILE {D:/FPGA/xuehao2/xuehao2.runs/impl_1/xuehao.bit} [get_hw_devices xc7a35t_0]
program_hw_devices [get_hw_devices xc7a35t_0]
refresh_hw_device [lindex [get_hw_devices xc7a35t_0] 0]
set_property PROBES.FILE {} [get_hw_devices xc7a35t_0]
set_property FULL_PROBES.FILE {} [get_hw_devices xc7a35t_0]
set_property PROGRAM.FILE {D:/FPGA/xuehao2/xuehao2.runs/impl_1/xuehao.bit} [get_hw_devices xc7a35t_0]
program_hw_devices [get_hw_devices xc7a35t_0]
refresh_hw_device [lindex [get_hw_devices xc7a35t_0] 0]
set_property PROBES.FILE {} [get_hw_devices xc7a35t_0]
set_property FULL_PROBES.FILE {} [get_hw_devices xc7a35t_0]
set_property PROGRAM.FILE {D:/FPGA/xuehao2/xuehao2.runs/impl_1/xuehao.bit} [get_hw_devices xc7a35t_0]
program_hw_devices [get_hw_devices xc7a35t_0]
refresh_hw_device [lindex [get_hw_devices xc7a35t_0] 0]
reset_run synth_1
launch_runs synth_1 -jobs 10
wait_on_run synth_1
launch_runs impl_1 -jobs 10
wait_on_run impl_1
launch_runs impl_1 -to_step write_bitstream -jobs 10
wait_on_run impl_1
close_hw
open_hw
connect_hw_server
open_hw_target
set_property PROGRAM.FILE {D:/FPGA/xuehao2/xuehao2.runs/impl_1/xuehao.bit} [get_hw_devices xc7a35t_0]
current_hw_device [get_hw_devices xc7a35t_0]
refresh_hw_device -update_hw_probes false [lindex [get_hw_devices xc7a35t_0] 0]
set_property PROBES.FILE {} [get_hw_devices xc7a35t_0]
set_property FULL_PROBES.FILE {} [get_hw_devices xc7a35t_0]
set_property PROGRAM.FILE {D:/FPGA/xuehao2/xuehao2.runs/impl_1/xuehao.bit} [get_hw_devices xc7a35t_0]
program_hw_devices [get_hw_devices xc7a35t_0]
refresh_hw_device [lindex [get_hw_devices xc7a35t_0] 0]
reset_run synth_1
launch_runs synth_1 -jobs 10
wait_on_run synth_1
launch_runs impl_1 -jobs 10
wait_on_run impl_1
launch_runs impl_1 -to_step write_bitstream -jobs 10
wait_on_run impl_1
close_hw
open_hw
connect_hw_server
open_hw_target
set_property PROGRAM.FILE {D:/FPGA/xuehao2/xuehao2.runs/impl_1/xuehao.bit} [get_hw_devices xc7a35t_0]
current_hw_device [get_hw_devices xc7a35t_0]
refresh_hw_device -update_hw_probes false [lindex [get_hw_devices xc7a35t_0] 0]
set_property PROBES.FILE {} [get_hw_devices xc7a35t_0]
set_property FULL_PROBES.FILE {} [get_hw_devices xc7a35t_0]
set_property PROGRAM.FILE {D:/FPGA/xuehao2/xuehao2.runs/impl_1/xuehao.bit} [get_hw_devices xc7a35t_0]
program_hw_devices [get_hw_devices xc7a35t_0]
refresh_hw_device [lindex [get_hw_devices xc7a35t_0] 0]
close_hw
startgroup
set_property package_pin "" [get_ports [list  {a_to_g[6]}]]
place_ports {a_to_g[13]} B4
endgroup
startgroup
set_property package_pin "" [get_ports [list  {a_to_g[5]}]]
place_ports {a_to_g[12]} A4
endgroup
startgroup
set_property package_pin "" [get_ports [list  {a_to_g[3]}]]
place_ports {a_to_g[11]} B1
endgroup
startgroup
set_property package_pin "" [get_ports [list  {a_to_g[2]}]]
place_ports {a_to_g[10]} A1
endgroup
startgroup
set_property package_pin "" [get_ports [list  {a_to_g[1]}]]
place_ports {a_to_g[9]} B3
endgroup
startgroup
set_property package_pin "" [get_ports [list  {a_to_g[0]}]]
place_ports {a_to_g[8]} B2
endgroup
place_ports {a_to_g[7]} D5
set_property package_pin "" [get_ports [list  {a_to_g[6]}]]
place_ports {a_to_g[7]} D4
place_ports {a_to_g[6]} E3
place_ports {a_to_g[5]} D3
place_ports {a_to_g[4]} F4
place_ports {a_to_g[3]} F3
place_ports {a_to_g[2]} E2
place_ports {a_to_g[1]} D2
set_property package_pin "" [get_ports [list  {a_to_g[0]}]]
place_ports {a_to_g[11]} A3
place_ports {a_to_g[10]} B1
place_ports {a_to_g[9]} A1
place_ports {a_to_g[8]} B3
place_ports {a_to_g[7]} B2
place_ports {a_to_g[6]} D4
place_ports {a_to_g[5]} E3
place_ports {a_to_g[4]} D3
place_ports {a_to_g[3]} F4
place_ports {a_to_g[2]} F3
place_ports {a_to_g[1]} E2
place_ports {a_to_g[0]} D2
save_constraints -force
reset_run synth_1
launch_runs synth_1 -jobs 10
wait_on_run synth_1
launch_runs impl_1 -jobs 10
wait_on_run impl_1
launch_runs impl_1 -to_step write_bitstream -jobs 10
wait_on_run impl_1
open_hw
connect_hw_server
open_hw_target
set_property PROGRAM.FILE {D:/FPGA/xuehao2/xuehao2.runs/impl_1/xuehao.bit} [get_hw_devices xc7a35t_0]
current_hw_device [get_hw_devices xc7a35t_0]
refresh_hw_device -update_hw_probes false [lindex [get_hw_devices xc7a35t_0] 0]
set_property PROBES.FILE {} [get_hw_devices xc7a35t_0]
set_property FULL_PROBES.FILE {} [get_hw_devices xc7a35t_0]
set_property PROGRAM.FILE {D:/FPGA/xuehao2/xuehao2.runs/impl_1/xuehao.bit} [get_hw_devices xc7a35t_0]
program_hw_devices [get_hw_devices xc7a35t_0]
refresh_hw_device [lindex [get_hw_devices xc7a35t_0] 0]
reset_run synth_1
launch_runs synth_1 -jobs 10
wait_on_run synth_1
launch_runs impl_1 -jobs 10
wait_on_run impl_1
launch_runs impl_1 -to_step write_bitstream -jobs 10
wait_on_run impl_1
